mode: atomic
github.com/barbacbd/nautical/pkg/cache/file.go:44.45,46.16 2 5
github.com/barbacbd/nautical/pkg/cache/file.go:46.16,48.3 1 0
github.com/barbacbd/nautical/pkg/cache/file.go:50.2,50.44 1 5
github.com/barbacbd/nautical/pkg/cache/file.go:50.44,51.25 1 5
github.com/barbacbd/nautical/pkg/cache/file.go:51.25,52.57 1 5
github.com/barbacbd/nautical/pkg/cache/file.go:52.57,54.5 1 0
github.com/barbacbd/nautical/pkg/cache/file.go:55.9,57.4 1 0
github.com/barbacbd/nautical/pkg/cache/file.go:60.2,61.16 2 5
github.com/barbacbd/nautical/pkg/cache/file.go:61.16,63.3 1 0
github.com/barbacbd/nautical/pkg/cache/file.go:64.2,66.12 2 5
github.com/barbacbd/nautical/pkg/cache/file.go:72.37,73.55 1 13
github.com/barbacbd/nautical/pkg/cache/file.go:73.55,75.3 1 12
github.com/barbacbd/nautical/pkg/cache/file.go:77.2,78.16 2 1
github.com/barbacbd/nautical/pkg/cache/file.go:78.16,80.3 1 0
github.com/barbacbd/nautical/pkg/cache/file.go:82.2,83.16 2 1
github.com/barbacbd/nautical/pkg/cache/file.go:84.17,85.91 1 0
github.com/barbacbd/nautical/pkg/cache/file.go:86.16,87.97 1 0
github.com/barbacbd/nautical/pkg/cache/file.go:88.15,89.82 1 1
github.com/barbacbd/nautical/pkg/cache/file.go:91.2,91.53 1 0
github.com/barbacbd/nautical/pkg/cache/file.go:95.38,97.16 2 6
github.com/barbacbd/nautical/pkg/cache/file.go:97.16,99.3 1 0
github.com/barbacbd/nautical/pkg/cache/file.go:100.2,100.57 1 6
github.com/barbacbd/nautical/pkg/cache/file.go:105.75,106.51 1 2
github.com/barbacbd/nautical/pkg/cache/file.go:106.51,108.3 1 0
github.com/barbacbd/nautical/pkg/cache/file.go:110.2,113.16 3 2
github.com/barbacbd/nautical/pkg/cache/file.go:113.16,115.3 1 0
github.com/barbacbd/nautical/pkg/cache/file.go:116.2,119.16 3 2
github.com/barbacbd/nautical/pkg/cache/file.go:119.16,121.3 1 0
github.com/barbacbd/nautical/pkg/cache/file.go:122.2,125.16 3 2
github.com/barbacbd/nautical/pkg/cache/file.go:125.16,127.3 1 0
github.com/barbacbd/nautical/pkg/cache/file.go:130.2,131.12 2 2
github.com/barbacbd/nautical/pkg/cache/file.go:136.71,139.2 2 1
github.com/barbacbd/nautical/pkg/cache/file.go:142.56,144.16 2 4
github.com/barbacbd/nautical/pkg/cache/file.go:144.16,146.3 1 1
github.com/barbacbd/nautical/pkg/cache/file.go:148.2,149.55 2 3
github.com/barbacbd/nautical/pkg/cache/file.go:149.55,151.3 1 0
github.com/barbacbd/nautical/pkg/cache/file.go:153.2,154.24 2 3
github.com/barbacbd/nautical/pkg/cache/file.go:158.46,160.16 2 4
github.com/barbacbd/nautical/pkg/cache/file.go:160.16,162.3 1 0
github.com/barbacbd/nautical/pkg/cache/file.go:163.2,163.71 1 4
github.com/barbacbd/nautical/pkg/cache/file.go:163.71,165.3 1 0
github.com/barbacbd/nautical/pkg/cache/file.go:166.2,166.12 1 4
github.com/barbacbd/nautical/pkg/cache/file.go:171.77,173.16 2 2
github.com/barbacbd/nautical/pkg/cache/file.go:173.16,175.3 1 0
github.com/barbacbd/nautical/pkg/cache/file.go:177.2,177.53 1 2
github.com/barbacbd/nautical/pkg/cache/time.go:8.74,12.2 3 2
github.com/barbacbd/nautical/pkg/io/web.go:15.47,17.2 1 4
github.com/barbacbd/nautical/pkg/io/web.go:20.51,22.16 2 2
github.com/barbacbd/nautical/pkg/io/web.go:22.16,24.3 1 1
github.com/barbacbd/nautical/pkg/io/web.go:26.2,27.18 2 1
github.com/barbacbd/nautical/pkg/location/point.go:28.29,28.50 1 59
github.com/barbacbd/nautical/pkg/location/point.go:29.29,29.51 1 198
github.com/barbacbd/nautical/pkg/location/point.go:30.29,30.50 1 1
github.com/barbacbd/nautical/pkg/location/point.go:33.33,35.2 1 4
github.com/barbacbd/nautical/pkg/location/point.go:39.53,40.37 1 5
github.com/barbacbd/nautical/pkg/location/point.go:40.37,42.3 1 1
github.com/barbacbd/nautical/pkg/location/point.go:43.2,44.12 2 4
github.com/barbacbd/nautical/pkg/location/point.go:49.55,50.41 1 7
github.com/barbacbd/nautical/pkg/location/point.go:50.41,52.3 1 1
github.com/barbacbd/nautical/pkg/location/point.go:53.2,54.12 2 6
github.com/barbacbd/nautical/pkg/location/point.go:60.44,62.43 1 11
github.com/barbacbd/nautical/pkg/location/point.go:62.43,63.41 1 224
github.com/barbacbd/nautical/pkg/location/point.go:63.41,65.4 1 21
github.com/barbacbd/nautical/pkg/location/point.go:66.3,66.11 1 203
github.com/barbacbd/nautical/pkg/location/point.go:68.2,72.9 3 11
github.com/barbacbd/nautical/pkg/location/point.go:73.26,75.17 2 4
github.com/barbacbd/nautical/pkg/location/point.go:75.17,77.4 1 1
github.com/barbacbd/nautical/pkg/location/point.go:78.3,80.14 2 3
github.com/barbacbd/nautical/pkg/location/point.go:81.26,83.17 2 8
github.com/barbacbd/nautical/pkg/location/point.go:83.17,85.4 1 1
github.com/barbacbd/nautical/pkg/location/point.go:85.9,86.56 1 7
github.com/barbacbd/nautical/pkg/location/point.go:86.56,88.5 1 1
github.com/barbacbd/nautical/pkg/location/point.go:91.3,92.17 2 6
github.com/barbacbd/nautical/pkg/location/point.go:92.17,94.4 1 1
github.com/barbacbd/nautical/pkg/location/point.go:94.9,95.54 1 5
github.com/barbacbd/nautical/pkg/location/point.go:95.54,97.5 1 1
github.com/barbacbd/nautical/pkg/location/point.go:99.10,100.95 1 2
github.com/barbacbd/nautical/pkg/location/point.go:103.2,103.19 1 4
github.com/barbacbd/nautical/pkg/location/point.go:108.60,115.16 5 5
github.com/barbacbd/nautical/pkg/location/point.go:115.16,117.3 1 0
github.com/barbacbd/nautical/pkg/location/point.go:118.2,118.20 1 5
github.com/barbacbd/nautical/pkg/location/point.go:123.71,125.16 2 4
github.com/barbacbd/nautical/pkg/location/point.go:125.16,127.3 1 0
github.com/barbacbd/nautical/pkg/location/point.go:129.2,129.30 1 4
github.com/barbacbd/nautical/pkg/location/util.go:11.104,16.2 3 2
github.com/barbacbd/nautical/pkg/location/util.go:20.54,21.24 1 2
github.com/barbacbd/nautical/pkg/location/util.go:21.24,23.3 1 0
github.com/barbacbd/nautical/pkg/location/util.go:24.2,36.20 6 2
github.com/barbacbd/nautical/pkg/location/util.go:42.58,46.36 2 8
github.com/barbacbd/nautical/pkg/location/util.go:46.36,50.26 3 34
github.com/barbacbd/nautical/pkg/location/util.go:50.26,51.12 1 12
github.com/barbacbd/nautical/pkg/location/util.go:55.3,55.90 1 22
github.com/barbacbd/nautical/pkg/location/util.go:55.90,56.48 1 8
github.com/barbacbd/nautical/pkg/location/util.go:56.48,58.52 2 6
github.com/barbacbd/nautical/pkg/location/util.go:58.52,60.6 1 5
github.com/barbacbd/nautical/pkg/location/util.go:65.2,65.20 1 8
github.com/barbacbd/nautical/pkg/location/util.go:70.58,71.23 1 9
github.com/barbacbd/nautical/pkg/location/util.go:71.23,73.3 1 1
github.com/barbacbd/nautical/pkg/location/util.go:75.2,76.24 2 8
github.com/barbacbd/nautical/pkg/location/util.go:76.24,78.17 2 2
github.com/barbacbd/nautical/pkg/location/util.go:78.17,80.4 1 0
github.com/barbacbd/nautical/pkg/location/util.go:81.3,81.21 1 2
github.com/barbacbd/nautical/pkg/location/util.go:82.8,84.3 1 6
github.com/barbacbd/nautical/pkg/location/util.go:86.2,90.32 2 8
github.com/barbacbd/nautical/pkg/noaa/buoy/buoy.go:68.30,73.25 3 9
github.com/barbacbd/nautical/pkg/noaa/buoy/buoy.go:73.25,75.3 1 1
github.com/barbacbd/nautical/pkg/noaa/buoy/buoy.go:75.8,77.3 1 8
github.com/barbacbd/nautical/pkg/noaa/buoy/buoy.go:79.2,81.21 2 9
github.com/barbacbd/nautical/pkg/noaa/buoy/buoy.go:85.46,86.22 1 3
github.com/barbacbd/nautical/pkg/noaa/buoy/buoy.go:86.22,89.17 2 2
github.com/barbacbd/nautical/pkg/noaa/buoy/buoy.go:89.17,91.4 1 0
github.com/barbacbd/nautical/pkg/noaa/buoy/buoy.go:93.3,94.17 2 2
github.com/barbacbd/nautical/pkg/noaa/buoy/buoy.go:94.17,96.4 1 0
github.com/barbacbd/nautical/pkg/noaa/buoy/buoy.go:98.3,98.32 1 2
github.com/barbacbd/nautical/pkg/noaa/buoy/buoy.go:98.32,100.4 1 1
github.com/barbacbd/nautical/pkg/noaa/buoy/buoy.go:102.3,102.37 1 1
github.com/barbacbd/nautical/pkg/noaa/buoy/buoy.go:105.2,106.12 2 2
github.com/barbacbd/nautical/pkg/noaa/buoy/buoy.go:111.50,115.16 3 0
github.com/barbacbd/nautical/pkg/noaa/buoy/buoy.go:115.16,117.3 1 0
github.com/barbacbd/nautical/pkg/noaa/buoy/buoy.go:119.2,119.20 1 0
github.com/barbacbd/nautical/pkg/noaa/buoy/buoy.go:119.20,121.3 1 0
github.com/barbacbd/nautical/pkg/noaa/buoy/buoy.go:123.2,123.21 1 0
github.com/barbacbd/nautical/pkg/noaa/buoy/buoy.go:127.33,130.16 3 0
github.com/barbacbd/nautical/pkg/noaa/buoy/buoy.go:130.16,132.3 1 0
github.com/barbacbd/nautical/pkg/noaa/buoy/buoy.go:134.2,135.55 2 0
github.com/barbacbd/nautical/pkg/noaa/buoy/buoy.go:135.55,137.3 1 0
github.com/barbacbd/nautical/pkg/noaa/buoy/buoy.go:138.2,138.12 1 0
github.com/barbacbd/nautical/pkg/noaa/buoy/buoy.go:142.71,150.40 4 2
github.com/barbacbd/nautical/pkg/noaa/buoy/buoy.go:150.40,153.36 3 13
github.com/barbacbd/nautical/pkg/noaa/buoy/buoy.go:153.36,155.4 1 4
github.com/barbacbd/nautical/pkg/noaa/buoy/buoy.go:156.3,156.37 1 13
github.com/barbacbd/nautical/pkg/noaa/buoy/buoy.go:156.37,157.35 1 26
github.com/barbacbd/nautical/pkg/noaa/buoy/buoy.go:157.35,158.41 1 8
github.com/barbacbd/nautical/pkg/noaa/buoy/buoy.go:158.41,159.34 1 2
github.com/barbacbd/nautical/pkg/noaa/buoy/buoy.go:159.34,161.7 1 2
github.com/barbacbd/nautical/pkg/noaa/buoy/buoy.go:168.2,168.31 1 2
github.com/barbacbd/nautical/pkg/noaa/buoy/buoy.go:168.31,170.29 2 2
github.com/barbacbd/nautical/pkg/noaa/buoy/buoy.go:170.29,171.14 1 15
github.com/barbacbd/nautical/pkg/noaa/buoy/buoy.go:171.14,173.24 2 13
github.com/barbacbd/nautical/pkg/noaa/buoy/buoy.go:173.24,176.30 2 12
github.com/barbacbd/nautical/pkg/noaa/buoy/buoy.go:176.30,181.29 2 12
github.com/barbacbd/nautical/pkg/noaa/buoy/buoy.go:181.29,184.22 3 12
github.com/barbacbd/nautical/pkg/noaa/buoy/buoy.go:184.22,186.9 1 1
github.com/barbacbd/nautical/pkg/noaa/buoy/buoy.go:186.14,188.9 1 11
github.com/barbacbd/nautical/pkg/noaa/buoy/buoy.go:189.8,189.31 1 12
github.com/barbacbd/nautical/pkg/noaa/buoy/buoy.go:197.2,198.23 2 2
github.com/barbacbd/nautical/pkg/noaa/buoy/buoy.go:198.23,200.3 1 1
github.com/barbacbd/nautical/pkg/noaa/buoy/buoy.go:201.2,201.12 1 1
github.com/barbacbd/nautical/pkg/noaa/buoy/buoy_data.go:125.48,128.16 2 5
github.com/barbacbd/nautical/pkg/noaa/buoy/buoy_data.go:128.16,130.3 1 0
github.com/barbacbd/nautical/pkg/noaa/buoy/buoy_data.go:132.2,134.16 3 5
github.com/barbacbd/nautical/pkg/noaa/buoy/buoy_data.go:134.16,136.3 1 0
github.com/barbacbd/nautical/pkg/noaa/buoy/buoy_data.go:138.2,139.19 2 5
github.com/barbacbd/nautical/pkg/noaa/buoy/cdata.go:64.44,66.29 2 33
github.com/barbacbd/nautical/pkg/noaa/buoy/cdata.go:66.29,67.16 1 107
github.com/barbacbd/nautical/pkg/noaa/buoy/cdata.go:67.16,69.4 1 72
github.com/barbacbd/nautical/pkg/noaa/buoy/cdata.go:71.2,71.25 1 33
github.com/barbacbd/nautical/pkg/noaa/buoy/cdata.go:76.60,84.37 6 6
github.com/barbacbd/nautical/pkg/noaa/buoy/cdata.go:84.37,86.17 2 40
github.com/barbacbd/nautical/pkg/noaa/buoy/cdata.go:86.17,87.16 1 5
github.com/barbacbd/nautical/pkg/noaa/buoy/cdata.go:87.16,90.5 2 4
github.com/barbacbd/nautical/pkg/noaa/buoy/cdata.go:90.10,90.23 1 1
github.com/barbacbd/nautical/pkg/noaa/buoy/cdata.go:90.23,95.10 3 1
github.com/barbacbd/nautical/pkg/noaa/buoy/cdata.go:100.2,100.26 1 6
github.com/barbacbd/nautical/pkg/noaa/buoy/cdata.go:100.26,102.3 1 2
github.com/barbacbd/nautical/pkg/noaa/buoy/cdata.go:104.2,104.29 1 4
github.com/barbacbd/nautical/pkg/noaa/buoy/cdata.go:109.61,110.65 1 8
github.com/barbacbd/nautical/pkg/noaa/buoy/cdata.go:110.65,112.39 2 13
github.com/barbacbd/nautical/pkg/noaa/buoy/cdata.go:112.39,113.40 1 34
github.com/barbacbd/nautical/pkg/noaa/buoy/cdata.go:113.40,115.5 1 12
github.com/barbacbd/nautical/pkg/noaa/buoy/cdata.go:117.3,117.75 1 1
github.com/barbacbd/nautical/pkg/noaa/buoy/cdata.go:120.2,127.41 7 8
github.com/barbacbd/nautical/pkg/noaa/buoy/cdata.go:127.41,129.17 2 13
github.com/barbacbd/nautical/pkg/noaa/buoy/cdata.go:129.17,131.4 1 1
github.com/barbacbd/nautical/pkg/noaa/buoy/cdata.go:133.3,134.17 2 12
github.com/barbacbd/nautical/pkg/noaa/buoy/cdata.go:134.17,136.4 1 0
github.com/barbacbd/nautical/pkg/noaa/buoy/cdata.go:138.3,138.10 1 12
github.com/barbacbd/nautical/pkg/noaa/buoy/cdata.go:139.29,141.22 2 6
github.com/barbacbd/nautical/pkg/noaa/buoy/cdata.go:142.30,144.23 2 6
github.com/barbacbd/nautical/pkg/noaa/buoy/cdata.go:148.2,148.18 1 7
github.com/barbacbd/nautical/pkg/noaa/buoy/cdata.go:148.18,150.3 1 1
github.com/barbacbd/nautical/pkg/noaa/buoy/cdata.go:150.8,150.26 1 6
github.com/barbacbd/nautical/pkg/noaa/buoy/cdata.go:150.26,152.3 1 1
github.com/barbacbd/nautical/pkg/noaa/buoy/cdata.go:154.2,154.66 1 5
github.com/barbacbd/nautical/pkg/noaa/buoy/cdata.go:158.56,163.16 4 7
github.com/barbacbd/nautical/pkg/noaa/buoy/cdata.go:163.16,165.3 1 0
github.com/barbacbd/nautical/pkg/noaa/buoy/cdata.go:166.2,167.16 2 7
github.com/barbacbd/nautical/pkg/noaa/buoy/cdata.go:167.16,169.3 1 1
github.com/barbacbd/nautical/pkg/noaa/buoy/cdata.go:170.2,171.16 2 6
github.com/barbacbd/nautical/pkg/noaa/buoy/cdata.go:171.16,173.3 1 0
github.com/barbacbd/nautical/pkg/noaa/buoy/cdata.go:175.2,177.16 3 6
github.com/barbacbd/nautical/pkg/noaa/buoy/cdata.go:177.16,179.3 1 2
github.com/barbacbd/nautical/pkg/noaa/buoy/cdata.go:180.2,181.16 2 4
github.com/barbacbd/nautical/pkg/noaa/buoy/cdata.go:181.16,183.3 1 0
github.com/barbacbd/nautical/pkg/noaa/buoy/cdata.go:185.2,186.84 2 4
github.com/barbacbd/nautical/pkg/noaa/buoy/cdata.go:193.46,202.32 4 5
github.com/barbacbd/nautical/pkg/noaa/buoy/cdata.go:202.32,209.25 4 28
github.com/barbacbd/nautical/pkg/noaa/buoy/cdata.go:209.25,210.12 1 0
github.com/barbacbd/nautical/pkg/noaa/buoy/cdata.go:212.3,214.10 2 28
github.com/barbacbd/nautical/pkg/noaa/buoy/cdata.go:215.23,217.18 2 3
github.com/barbacbd/nautical/pkg/noaa/buoy/cdata.go:217.18,219.5 1 1
github.com/barbacbd/nautical/pkg/noaa/buoy/cdata.go:220.4,221.31 2 2
github.com/barbacbd/nautical/pkg/noaa/buoy/cdata.go:222.26,224.18 2 5
github.com/barbacbd/nautical/pkg/noaa/buoy/cdata.go:224.18,226.5 1 1
github.com/barbacbd/nautical/pkg/noaa/buoy/cdata.go:227.4,227.92 1 4
github.com/barbacbd/nautical/pkg/noaa/buoy/cdata.go:228.37,230.18 2 4
github.com/barbacbd/nautical/pkg/noaa/buoy/cdata.go:230.18,232.5 1 1
github.com/barbacbd/nautical/pkg/noaa/buoy/cdata.go:233.4,236.44 4 3
github.com/barbacbd/nautical/pkg/noaa/buoy/cdata.go:237.11,238.43 1 16
github.com/barbacbd/nautical/pkg/noaa/buoy/cdata.go:238.43,243.19 3 13
github.com/barbacbd/nautical/pkg/noaa/buoy/cdata.go:243.19,247.6 2 13
github.com/barbacbd/nautical/pkg/noaa/buoy/cdata.go:252.2,252.22 1 2
github.com/barbacbd/nautical/pkg/noaa/buoy/source.go:73.57,74.50 1 14
github.com/barbacbd/nautical/pkg/noaa/buoy/source.go:74.50,76.3 1 11
github.com/barbacbd/nautical/pkg/noaa/buoy/source.go:76.8,77.24 1 3
github.com/barbacbd/nautical/pkg/noaa/buoy/source.go:77.24,79.42 2 1
github.com/barbacbd/nautical/pkg/noaa/buoy/source.go:79.42,80.26 1 9
github.com/barbacbd/nautical/pkg/noaa/buoy/source.go:80.26,81.14 1 0
github.com/barbacbd/nautical/pkg/noaa/buoy/source.go:82.11,84.6 1 9
github.com/barbacbd/nautical/pkg/noaa/buoy/source.go:86.4,87.44 2 1
github.com/barbacbd/nautical/pkg/noaa/buoy/source.go:90.2,90.68 1 2
github.com/barbacbd/nautical/pkg/noaa/buoy/source.go:94.34,96.2 1 2
github.com/barbacbd/nautical/pkg/noaa/buoy/source.go:99.45,102.2 2 3
github.com/barbacbd/nautical/pkg/noaa/buoy/source.go:106.37,108.32 2 1
github.com/barbacbd/nautical/pkg/noaa/buoy/source.go:108.32,110.3 1 3
github.com/barbacbd/nautical/pkg/noaa/buoy/source.go:112.2,112.14 1 1
github.com/barbacbd/nautical/pkg/noaa/buoy/source.go:116.44,119.20 2 3
github.com/barbacbd/nautical/pkg/noaa/buoy/source.go:119.20,121.3 1 1
github.com/barbacbd/nautical/pkg/noaa/buoy/source.go:123.2,123.22 1 3
github.com/barbacbd/nautical/pkg/noaa/buoy/source.go:123.22,125.3 1 1
github.com/barbacbd/nautical/pkg/noaa/buoy/source.go:127.2,128.12 2 2
github.com/barbacbd/nautical/pkg/noaa/buoy/source.go:132.57,134.32 1 4
github.com/barbacbd/nautical/pkg/noaa/buoy/source.go:134.32,135.31 1 4
github.com/barbacbd/nautical/pkg/noaa/buoy/source.go:135.31,137.4 1 1
github.com/barbacbd/nautical/pkg/noaa/buoy/source.go:140.2,140.73 1 3
github.com/barbacbd/nautical/pkg/noaa/buoy/source.go:145.42,147.16 2 0
github.com/barbacbd/nautical/pkg/noaa/buoy/source.go:147.16,149.3 1 0
github.com/barbacbd/nautical/pkg/noaa/buoy/source.go:151.2,152.16 2 0
github.com/barbacbd/nautical/pkg/noaa/buoy/source.go:152.16,154.3 1 0
github.com/barbacbd/nautical/pkg/noaa/buoy/source.go:155.2,161.42 6 0
github.com/barbacbd/nautical/pkg/noaa/buoy/source.go:161.42,163.35 2 0
github.com/barbacbd/nautical/pkg/noaa/buoy/source.go:163.35,165.18 2 0
github.com/barbacbd/nautical/pkg/noaa/buoy/source.go:165.18,166.13 1 0
github.com/barbacbd/nautical/pkg/noaa/buoy/source.go:168.4,170.42 3 0
github.com/barbacbd/nautical/pkg/noaa/buoy/source.go:170.42,171.13 1 0
github.com/barbacbd/nautical/pkg/noaa/buoy/source.go:176.2,176.52 1 0
github.com/barbacbd/nautical/pkg/noaa/buoy/source.go:176.52,178.3 1 0
github.com/barbacbd/nautical/pkg/noaa/buoy/source.go:179.2,179.21 1 0
github.com/barbacbd/nautical/pkg/noaa/buoy/source.go:183.80,185.23 2 4
github.com/barbacbd/nautical/pkg/noaa/buoy/source.go:185.23,186.39 1 1
github.com/barbacbd/nautical/pkg/noaa/buoy/source.go:186.39,188.4 1 9
github.com/barbacbd/nautical/pkg/noaa/buoy/source.go:189.8,191.17 2 3
github.com/barbacbd/nautical/pkg/noaa/buoy/source.go:191.17,193.4 1 1
github.com/barbacbd/nautical/pkg/noaa/buoy/source.go:194.3,194.32 1 2
github.com/barbacbd/nautical/pkg/noaa/buoy/source.go:197.2,198.33 2 3
github.com/barbacbd/nautical/pkg/noaa/buoy/source.go:198.33,199.46 1 12
github.com/barbacbd/nautical/pkg/noaa/buoy/source.go:199.46,201.4 1 5
github.com/barbacbd/nautical/pkg/noaa/buoy/source.go:203.2,203.24 1 3
github.com/barbacbd/nautical/pkg/noaa/buoy/source.go:208.44,211.16 2 0
github.com/barbacbd/nautical/pkg/noaa/buoy/source.go:211.16,213.3 1 0
github.com/barbacbd/nautical/pkg/noaa/buoy/source.go:214.2,220.16 5 0
github.com/barbacbd/nautical/pkg/noaa/buoy/source.go:220.16,222.3 1 0
github.com/barbacbd/nautical/pkg/noaa/buoy/source.go:223.2,224.67 1 0
github.com/barbacbd/nautical/pkg/noaa/buoy/source.go:224.67,227.4 2 0
github.com/barbacbd/nautical/pkg/noaa/buoy/source.go:231.2,232.16 2 0
github.com/barbacbd/nautical/pkg/noaa/buoy/source.go:232.16,234.3 1 0
github.com/barbacbd/nautical/pkg/noaa/buoy/source.go:235.2,239.16 3 0
github.com/barbacbd/nautical/pkg/noaa/buoy/source.go:239.16,241.3 1 0
github.com/barbacbd/nautical/pkg/noaa/buoy/source.go:242.2,244.22 2 0
github.com/barbacbd/nautical/pkg/noaa/buoy/source.go:248.47,249.45 1 2
github.com/barbacbd/nautical/pkg/noaa/buoy/source.go:249.45,250.45 1 1
github.com/barbacbd/nautical/pkg/noaa/buoy/source.go:250.45,252.4 1 0
github.com/barbacbd/nautical/pkg/noaa/buoy/source.go:254.2,254.12 1 2
github.com/barbacbd/nautical/pkg/sea_state/types.go:26.42,32.36 2 11
github.com/barbacbd/nautical/pkg/sea_state/types.go:32.36,33.44 1 110
github.com/barbacbd/nautical/pkg/sea_state/types.go:33.44,35.4 1 18
github.com/barbacbd/nautical/pkg/sea_state/types.go:38.2,38.17 1 11
github.com/barbacbd/nautical/pkg/time/conversion.go:18.69,24.24 4 8
github.com/barbacbd/nautical/pkg/time/conversion.go:24.24,25.10 1 3
github.com/barbacbd/nautical/pkg/time/conversion.go:26.45,27.15 1 0
github.com/barbacbd/nautical/pkg/time/conversion.go:28.45,29.15 1 2
github.com/barbacbd/nautical/pkg/time/conversion.go:30.11,31.74 1 1
github.com/barbacbd/nautical/pkg/time/conversion.go:34.3,34.24 1 2
github.com/barbacbd/nautical/pkg/time/conversion.go:35.8,35.31 1 5
github.com/barbacbd/nautical/pkg/time/conversion.go:35.31,37.75 2 5
github.com/barbacbd/nautical/pkg/time/conversion.go:37.75,41.4 3 1
github.com/barbacbd/nautical/pkg/time/conversion.go:41.9,41.82 1 4
github.com/barbacbd/nautical/pkg/time/conversion.go:41.82,45.4 3 0
github.com/barbacbd/nautical/pkg/time/conversion.go:46.8,48.3 1 0
github.com/barbacbd/nautical/pkg/time/conversion.go:50.2,51.25 2 7
github.com/barbacbd/nautical/pkg/time/conversion.go:51.25,54.17 2 7
github.com/barbacbd/nautical/pkg/time/conversion.go:54.17,56.4 1 0
github.com/barbacbd/nautical/pkg/time/conversion.go:58.3,59.17 2 7
github.com/barbacbd/nautical/pkg/time/conversion.go:59.17,61.4 1 1
github.com/barbacbd/nautical/pkg/time/conversion.go:63.3,64.17 2 6
github.com/barbacbd/nautical/pkg/time/conversion.go:64.17,67.4 2 3
github.com/barbacbd/nautical/pkg/time/conversion.go:69.3,69.28 1 6
github.com/barbacbd/nautical/pkg/time/conversion.go:72.2,72.76 1 0
github.com/barbacbd/nautical/pkg/time/nautical_time.go:31.55,32.19 1 5
github.com/barbacbd/nautical/pkg/time/nautical_time.go:32.19,34.3 1 1
github.com/barbacbd/nautical/pkg/time/nautical_time.go:34.8,34.24 1 4
github.com/barbacbd/nautical/pkg/time/nautical_time.go:34.24,36.3 1 1
github.com/barbacbd/nautical/pkg/time/nautical_time.go:37.2,38.12 2 3
github.com/barbacbd/nautical/pkg/time/nautical_time.go:42.49,43.9 1 8
github.com/barbacbd/nautical/pkg/time/nautical_time.go:44.22,47.14 2 1
github.com/barbacbd/nautical/pkg/time/nautical_time.go:48.28,49.23 1 4
github.com/barbacbd/nautical/pkg/time/nautical_time.go:50.28,51.22 1 4
github.com/barbacbd/nautical/pkg/time/nautical_time.go:51.22,53.4 1 2
github.com/barbacbd/nautical/pkg/time/nautical_time.go:53.9,55.4 1 2
github.com/barbacbd/nautical/pkg/time/nautical_time.go:57.2,57.65 1 0
github.com/barbacbd/nautical/pkg/time/nautical_time.go:61.51,62.17 1 7
github.com/barbacbd/nautical/pkg/time/nautical_time.go:62.17,64.3 1 1
github.com/barbacbd/nautical/pkg/time/nautical_time.go:64.8,64.22 1 6
github.com/barbacbd/nautical/pkg/time/nautical_time.go:64.22,66.3 1 1
github.com/barbacbd/nautical/pkg/time/nautical_time.go:67.2,68.12 2 5
github.com/barbacbd/nautical/pkg/time/nautical_time.go:74.53,75.20 1 5
github.com/barbacbd/nautical/pkg/time/nautical_time.go:75.20,77.3 1 0
github.com/barbacbd/nautical/pkg/time/nautical_time.go:79.2,79.9 1 5
github.com/barbacbd/nautical/pkg/time/nautical_time.go:80.25,81.26 1 2
github.com/barbacbd/nautical/pkg/time/nautical_time.go:81.26,82.57 1 1
github.com/barbacbd/nautical/pkg/time/nautical_time.go:82.57,84.5 1 0
github.com/barbacbd/nautical/pkg/time/nautical_time.go:87.4,87.18 1 1
github.com/barbacbd/nautical/pkg/time/nautical_time.go:88.9,90.4 1 1
github.com/barbacbd/nautical/pkg/time/nautical_time.go:91.25,92.22 1 2
github.com/barbacbd/nautical/pkg/time/nautical_time.go:92.22,93.58 1 1
github.com/barbacbd/nautical/pkg/time/nautical_time.go:93.58,95.5 1 0
github.com/barbacbd/nautical/pkg/time/nautical_time.go:97.3,97.16 1 2
github.com/barbacbd/nautical/pkg/time/nautical_time.go:98.10,99.55 1 1
github.com/barbacbd/nautical/pkg/time/nautical_time.go:102.2,102.12 1 4
github.com/barbacbd/nautical/pkg/time/nautical_time.go:107.53,108.26 1 5
github.com/barbacbd/nautical/pkg/time/nautical_time.go:108.26,110.3 1 1
github.com/barbacbd/nautical/pkg/time/nautical_time.go:112.2,112.9 1 4
github.com/barbacbd/nautical/pkg/time/nautical_time.go:113.20,114.20 1 2
github.com/barbacbd/nautical/pkg/time/nautical_time.go:114.20,116.4 1 1
github.com/barbacbd/nautical/pkg/time/nautical_time.go:116.9,118.4 1 1
github.com/barbacbd/nautical/pkg/time/nautical_time.go:119.20,120.20 1 1
github.com/barbacbd/nautical/pkg/time/nautical_time.go:120.20,121.53 1 0
github.com/barbacbd/nautical/pkg/time/nautical_time.go:121.53,123.5 1 0
github.com/barbacbd/nautical/pkg/time/nautical_time.go:125.3,125.17 1 1
github.com/barbacbd/nautical/pkg/time/nautical_time.go:126.10,127.62 1 1
github.com/barbacbd/nautical/pkg/time/nautical_time.go:130.2,130.12 1 2
github.com/barbacbd/nautical/pkg/time/nautical_time.go:135.50,137.16 2 4
github.com/barbacbd/nautical/pkg/time/nautical_time.go:137.16,139.3 1 0
github.com/barbacbd/nautical/pkg/time/nautical_time.go:141.2,141.60 1 4
github.com/barbacbd/nautical/pkg/units/units.go:135.46,136.43 1 5
github.com/barbacbd/nautical/pkg/units/units.go:136.43,138.3 1 4
github.com/barbacbd/nautical/pkg/units/units.go:139.2,139.76 1 1
github.com/barbacbd/nautical/pkg/units/units.go:143.53,144.50 1 3
github.com/barbacbd/nautical/pkg/units/units.go:144.50,146.3 1 2
github.com/barbacbd/nautical/pkg/units/units.go:147.2,147.83 1 1
github.com/barbacbd/nautical/pkg/units/units.go:151.47,152.44 1 6
github.com/barbacbd/nautical/pkg/units/units.go:152.44,154.3 1 5
github.com/barbacbd/nautical/pkg/units/units.go:155.2,155.77 1 1
github.com/barbacbd/nautical/pkg/units/units.go:159.50,160.47 1 4
github.com/barbacbd/nautical/pkg/units/units.go:160.47,162.3 1 3
github.com/barbacbd/nautical/pkg/units/units.go:163.2,163.80 1 1
github.com/barbacbd/nautical/pkg/units/units.go:167.50,168.47 1 4
github.com/barbacbd/nautical/pkg/units/units.go:168.47,170.3 1 3
github.com/barbacbd/nautical/pkg/units/units.go:171.2,171.80 1 1
github.com/barbacbd/nautical/pkg/units/units.go:175.50,176.47 1 2
github.com/barbacbd/nautical/pkg/units/units.go:176.47,178.3 1 1
github.com/barbacbd/nautical/pkg/units/units.go:179.2,179.80 1 1
github.com/barbacbd/nautical/pkg/units/units.go:184.81,185.54 1 8
github.com/barbacbd/nautical/pkg/units/units.go:185.54,186.55 1 7
github.com/barbacbd/nautical/pkg/units/units.go:186.55,188.4 1 6
github.com/barbacbd/nautical/pkg/units/units.go:189.3,189.98 1 1
github.com/barbacbd/nautical/pkg/units/units.go:191.2,191.95 1 1
github.com/barbacbd/nautical/pkg/units/units.go:196.88,197.50 1 6
github.com/barbacbd/nautical/pkg/units/units.go:197.50,198.52 1 5
github.com/barbacbd/nautical/pkg/units/units.go:198.52,199.31 1 4
github.com/barbacbd/nautical/pkg/units/units.go:199.31,200.27 1 2
github.com/barbacbd/nautical/pkg/units/units.go:200.27,202.6 1 1
github.com/barbacbd/nautical/pkg/units/units.go:202.11,202.34 1 1
github.com/barbacbd/nautical/pkg/units/units.go:202.34,204.6 1 1
github.com/barbacbd/nautical/pkg/units/units.go:206.4,206.21 1 2
github.com/barbacbd/nautical/pkg/units/units.go:208.3,208.112 1 1
github.com/barbacbd/nautical/pkg/units/units.go:210.2,210.109 1 1
github.com/barbacbd/nautical/pkg/units/units.go:215.82,216.55 1 12
github.com/barbacbd/nautical/pkg/units/units.go:216.55,217.56 1 11
github.com/barbacbd/nautical/pkg/units/units.go:217.56,219.4 1 10
github.com/barbacbd/nautical/pkg/units/units.go:220.3,220.100 1 1
github.com/barbacbd/nautical/pkg/units/units.go:222.2,222.97 1 1
github.com/barbacbd/nautical/pkg/units/units.go:227.85,228.58 1 23
github.com/barbacbd/nautical/pkg/units/units.go:228.58,229.59 1 22
github.com/barbacbd/nautical/pkg/units/units.go:229.59,231.4 1 21
github.com/barbacbd/nautical/pkg/units/units.go:232.3,232.106 1 1
github.com/barbacbd/nautical/pkg/units/units.go:234.2,234.103 1 1
github.com/barbacbd/nautical/pkg/units/units.go:239.85,240.58 1 30
github.com/barbacbd/nautical/pkg/units/units.go:240.58,241.59 1 29
github.com/barbacbd/nautical/pkg/units/units.go:241.59,243.4 1 28
github.com/barbacbd/nautical/pkg/units/units.go:244.3,244.106 1 1
github.com/barbacbd/nautical/pkg/units/units.go:246.2,246.103 1 1
github.com/barbacbd/nautical/pkg/util/util.go:10.53,13.45 3 4
github.com/barbacbd/nautical/pkg/util/util.go:13.45,17.50 3 9
github.com/barbacbd/nautical/pkg/util/util.go:18.12,18.12 0 1
github.com/barbacbd/nautical/pkg/util/util.go:20.11,21.30 1 3
github.com/barbacbd/nautical/pkg/util/util.go:22.11,25.18 3 5
github.com/barbacbd/nautical/pkg/util/util.go:25.18,27.5 1 0
github.com/barbacbd/nautical/pkg/util/util.go:28.4,28.25 1 5
github.com/barbacbd/nautical/pkg/util/util.go:31.2,31.17 1 4
